Category: 📺央视频道, Name: CCTV-1, Total: 1, Valid: 0, Valid Percent: 0.00%, Whitelist: 0, IPv4: 1, IPv6: 0, Min Delay: -1 ms, Max Speed: 0.00 M/s, Avg Speed: 0.00 M/s, Max Resolution: 1280x720
Category: 📺央视频道, Name: CCTV-2, Total: 8, Valid: 8, Valid Percent: 100.00%, Whitelist: 0, IPv4: 8, IPv6: 0, Min Delay: 518 ms, Max Speed: 2.20 M/s, Avg Speed: 1.89 M/s, Max Resolution: 1280x720
Category: 📺央视频道, Name: CCTV-3, Total: 9, Valid: 9, Valid Percent: 100.00%, Whitelist: 0, IPv4: 9, IPv6: 0, Min Delay: 79 ms, Max Speed: 67.74 M/s, Avg Speed: 24.12 M/s, Max Resolution: 1920x1080
Category: 📺央视频道, Name: CCTV-4, Total: 16, Valid: 16, Valid Percent: 100.00%, Whitelist: 0, IPv4: 16, IPv6: 0, Min Delay: 79 ms, Max Speed: 67.74 M/s, Avg Speed: 23.34 M/s, Max Resolution: 1920x1080
Category: 📺央视频道, Name: CCTV-5, Total: 22, Valid: 22, Valid Percent: 100.00%, Whitelist: 0, IPv4: 22, IPv6: 0, Min Delay: 79 ms, Max Speed: 67.74 M/s, Avg Speed: 17.70 M/s, Max Resolution: 1920x1080
Category: 📺央视频道, Name: CCTV-5+, Total: 6, Valid: 6, Valid Percent: 100.00%, Whitelist: 0, IPv4: 6, IPv6: 0, Min Delay: 533 ms, Max Speed: 5.22 M/s, Avg Speed: 3.29 M/s, Max Resolution: 1920x1080
Category: 📺央视频道, Name: CCTV-6, Total: 20, Valid: 20, Valid Percent: 100.00%, Whitelist: 0, IPv4: 20, IPv6: 0, Min Delay: 79 ms, Max Speed: 67.74 M/s, Avg Speed: 25.56 M/s, Max Resolution: 1920x1080
Category: 📺央视频道, Name: CCTV-7, Total: 22, Valid: 22, Valid Percent: 100.00%, Whitelist: 0, IPv4: 22, IPv6: 0, Min Delay: 79 ms, Max Speed: 67.74 M/s, Avg Speed: 23.25 M/s, Max Resolution: 1920x1080
Category: 📺央视频道, Name: CCTV-8, Total: 23, Valid: 23, Valid Percent: 100.00%, Whitelist: 0, IPv4: 23, IPv6: 0, Min Delay: 79 ms, Max Speed: 67.74 M/s, Avg Speed: 19.73 M/s, Max Resolution: 1920x1080
Category: 📺央视频道, Name: CCTV-9, Total: 22, Valid: 22, Valid Percent: 100.00%, Whitelist: 0, IPv4: 22, IPv6: 0, Min Delay: 79 ms, Max Speed: 67.74 M/s, Avg Speed: 23.15 M/s, Max Resolution: 1920x1080
Category: 📺央视频道, Name: CCTV-10, Total: 24, Valid: 24, Valid Percent: 100.00%, Whitelist: 0, IPv4: 24, IPv6: 0, Min Delay: 79 ms, Max Speed: 67.74 M/s, Avg Speed: 21.38 M/s, Max Resolution: 1920x1080
Category: 📺央视频道, Name: CCTV-11, Total: 20, Valid: 20, Valid Percent: 100.00%, Whitelist: 0, IPv4: 20, IPv6: 0, Min Delay: 79 ms, Max Speed: 67.74 M/s, Avg Speed: 22.21 M/s, Max Resolution: 1920x1080
Category: 📺央视频道, Name: CCTV-12, Total: 21, Valid: 21, Valid Percent: 100.00%, Whitelist: 0, IPv4: 21, IPv6: 0, Min Delay: 79 ms, Max Speed: 67.74 M/s, Avg Speed: 24.38 M/s, Max Resolution: 1920x1080
Category: 📺央视频道, Name: CCTV-13, Total: 21, Valid: 21, Valid Percent: 100.00%, Whitelist: 0, IPv4: 19, IPv6: 2, Min Delay: 79 ms, Max Speed: 67.74 M/s, Avg Speed: 24.29 M/s, Max Resolution: 1920x1080
Category: 📺央视频道, Name: CCTV-14, Total: 25, Valid: 25, Valid Percent: 100.00%, Whitelist: 0, IPv4: 22, IPv6: 3, Min Delay: 79 ms, Max Speed: 67.74 M/s, Avg Speed: 20.80 M/s, Max Resolution: 1920x1080
Category: 📺央视频道, Name: CCTV-15, Total: 23, Valid: 23, Valid Percent: 100.00%, Whitelist: 0, IPv4: 23, IPv6: 0, Min Delay: 79 ms, Max Speed: 67.74 M/s, Avg Speed: 22.56 M/s, Max Resolution: 1920x1080
Category: 📺央视频道, Name: CCTV-16, Total: 19, Valid: 19, Valid Percent: 100.00%, Whitelist: 0, IPv4: 19, IPv6: 0, Min Delay: 79 ms, Max Speed: 67.74 M/s, Avg Speed: 16.48 M/s, Max Resolution: 1920x1080
Category: 📺央视频道, Name: CCTV-17, Total: 20, Valid: 20, Valid Percent: 100.00%, Whitelist: 0, IPv4: 20, IPv6: 0, Min Delay: 79 ms, Max Speed: 67.74 M/s, Avg Speed: 25.54 M/s, Max Resolution: 1920x1080
Category: 📡卫视频道, Name: 广东卫视, Total: 15, Valid: 15, Valid Percent: 100.00%, Whitelist: 0, IPv4: 15, IPv6: 0, Min Delay: 12 ms, Max Speed: 145.76 M/s, Avg Speed: 47.83 M/s, Max Resolution: 1920x1080
Category: 📡卫视频道, Name: 浙江卫视, Total: 19, Valid: 19, Valid Percent: 100.00%, Whitelist: 0, IPv4: 17, IPv6: 2, Min Delay: 79 ms, Max Speed: 67.74 M/s, Avg Speed: 22.87 M/s, Max Resolution: 1920x1080
Category: 📡卫视频道, Name: 湖南卫视, Total: 25, Valid: 25, Valid Percent: 100.00%, Whitelist: 0, IPv4: 23, IPv6: 2, Min Delay: 12 ms, Max Speed: 145.76 M/s, Avg Speed: 26.45 M/s, Max Resolution: 3840x2160
Category: 📡卫视频道, Name: 北京卫视, Total: 18, Valid: 18, Valid Percent: 100.00%, Whitelist: 0, IPv4: 18, IPv6: 0, Min Delay: 79 ms, Max Speed: 67.74 M/s, Avg Speed: 24.33 M/s, Max Resolution: 1920x1080
Category: 📡卫视频道, Name: 湖北卫视, Total: 15, Valid: 15, Valid Percent: 100.00%, Whitelist: 0, IPv4: 15, IPv6: 0, Min Delay: 79 ms, Max Speed: 67.74 M/s, Avg Speed: 28.78 M/s, Max Resolution: 1920x1080
Category: 📡卫视频道, Name: 黑龙江卫视, Total: 15, Valid: 15, Valid Percent: 100.00%, Whitelist: 0, IPv4: 15, IPv6: 0, Min Delay: 79 ms, Max Speed: 67.74 M/s, Avg Speed: 33.07 M/s, Max Resolution: 1920x1080
Category: 📡卫视频道, Name: 安徽卫视, Total: 16, Valid: 16, Valid Percent: 100.00%, Whitelist: 0, IPv4: 16, IPv6: 0, Min Delay: 79 ms, Max Speed: 67.74 M/s, Avg Speed: 31.16 M/s, Max Resolution: 1920x1080
Category: 📡卫视频道, Name: 重庆卫视, Total: 17, Valid: 17, Valid Percent: 100.00%, Whitelist: 0, IPv4: 17, IPv6: 0, Min Delay: 79 ms, Max Speed: 67.74 M/s, Avg Speed: 33.36 M/s, Max Resolution: 1920x1080
Category: 📡卫视频道, Name: 东方卫视, Total: 19, Valid: 19, Valid Percent: 100.00%, Whitelist: 0, IPv4: 19, IPv6: 0, Min Delay: 12 ms, Max Speed: 145.76 M/s, Avg Speed: 37.78 M/s, Max Resolution: 1920x1080
Category: 📡卫视频道, Name: 东南卫视, Total: 17, Valid: 17, Valid Percent: 100.00%, Whitelist: 0, IPv4: 16, IPv6: 1, Min Delay: 79 ms, Max Speed: 67.74 M/s, Avg Speed: 37.29 M/s, Max Resolution: 3840x2160
Category: 📡卫视频道, Name: 甘肃卫视, Total: 11, Valid: 11, Valid Percent: 100.00%, Whitelist: 0, IPv4: 11, IPv6: 0, Min Delay: 79 ms, Max Speed: 67.74 M/s, Avg Speed: 43.97 M/s, Max Resolution: 1920x1080
Category: 📡卫视频道, Name: 广西卫视, Total: 18, Valid: 17, Valid Percent: 94.44%, Whitelist: 0, IPv4: 16, IPv6: 2, Min Delay: 79 ms, Max Speed: 67.74 M/s, Avg Speed: 37.24 M/s, Max Resolution: 1920x1080
Category: 📡卫视频道, Name: 贵州卫视, Total: 17, Valid: 17, Valid Percent: 100.00%, Whitelist: 0, IPv4: 17, IPv6: 0, Min Delay: 79 ms, Max Speed: 67.74 M/s, Avg Speed: 41.09 M/s, Max Resolution: 1920x1080
Category: 📡卫视频道, Name: 海南卫视, Total: 11, Valid: 11, Valid Percent: 100.00%, Whitelist: 0, IPv4: 11, IPv6: 0, Min Delay: 79 ms, Max Speed: 67.74 M/s, Avg Speed: 44.00 M/s, Max Resolution: 1920x1080
Category: 📡卫视频道, Name: 河北卫视, Total: 18, Valid: 18, Valid Percent: 100.00%, Whitelist: 0, IPv4: 18, IPv6: 0, Min Delay: 79 ms, Max Speed: 67.74 M/s, Avg Speed: 35.20 M/s, Max Resolution: 1920x1080
Category: 📡卫视频道, Name: 河南卫视, Total: 19, Valid: 19, Valid Percent: 100.00%, Whitelist: 0, IPv4: 19, IPv6: 0, Min Delay: 79 ms, Max Speed: 67.74 M/s, Avg Speed: 36.94 M/s, Max Resolution: 1920x1080
Category: 📡卫视频道, Name: 吉林卫视, Total: 13, Valid: 13, Valid Percent: 100.00%, Whitelist: 0, IPv4: 13, IPv6: 0, Min Delay: 79 ms, Max Speed: 67.74 M/s, Avg Speed: 32.88 M/s, Max Resolution: 1920x1080
Category: 📡卫视频道, Name: 江苏卫视, Total: 18, Valid: 18, Valid Percent: 100.00%, Whitelist: 0, IPv4: 18, IPv6: 0, Min Delay: 12 ms, Max Speed: 145.76 M/s, Avg Speed: 36.11 M/s, Max Resolution: 1920x1080
Category: 📡卫视频道, Name: 江西卫视, Total: 15, Valid: 15, Valid Percent: 100.00%, Whitelist: 0, IPv4: 15, IPv6: 0, Min Delay: 79 ms, Max Speed: 67.74 M/s, Avg Speed: 33.07 M/s, Max Resolution: 1920x1080
Category: 📡卫视频道, Name: 辽宁卫视, Total: 16, Valid: 16, Valid Percent: 100.00%, Whitelist: 0, IPv4: 16, IPv6: 0, Min Delay: 79 ms, Max Speed: 67.74 M/s, Avg Speed: 35.40 M/s, Max Resolution: 1920x1080
Category: 📡卫视频道, Name: 内蒙古卫视, Total: 15, Valid: 15, Valid Percent: 100.00%, Whitelist: 0, IPv4: 14, IPv6: 1, Min Delay: 79 ms, Max Speed: 67.74 M/s, Avg Speed: 24.02 M/s, Max Resolution: 1920x1080
Category: 📡卫视频道, Name: 宁夏卫视, Total: 13, Valid: 13, Valid Percent: 100.00%, Whitelist: 0, IPv4: 13, IPv6: 0, Min Delay: 79 ms, Max Speed: 67.74 M/s, Avg Speed: 32.82 M/s, Max Resolution: 1920x1080
Category: 📡卫视频道, Name: 青海卫视, Total: 18, Valid: 18, Valid Percent: 100.00%, Whitelist: 0, IPv4: 16, IPv6: 2, Min Delay: 79 ms, Max Speed: 67.74 M/s, Avg Speed: 31.43 M/s, Max Resolution: 1920x1080
Category: 📡卫视频道, Name: 山东卫视, Total: 16, Valid: 16, Valid Percent: 100.00%, Whitelist: 0, IPv4: 16, IPv6: 0, Min Delay: 79 ms, Max Speed: 67.74 M/s, Avg Speed: 31.30 M/s, Max Resolution: 1920x1080
Category: 📡卫视频道, Name: 山西卫视, Total: 12, Valid: 12, Valid Percent: 100.00%, Whitelist: 0, IPv4: 12, IPv6: 0, Min Delay: 79 ms, Max Speed: 67.74 M/s, Avg Speed: 29.73 M/s, Max Resolution: 1920x1080
Category: 📡卫视频道, Name: 陕西卫视, Total: 12, Valid: 12, Valid Percent: 100.00%, Whitelist: 0, IPv4: 12, IPv6: 0, Min Delay: 79 ms, Max Speed: 67.74 M/s, Avg Speed: 19.04 M/s, Max Resolution: 1920x1080
Category: 📡卫视频道, Name: 四川卫视, Total: 21, Valid: 19, Valid Percent: 90.48%, Whitelist: 0, IPv4: 20, IPv6: 1, Min Delay: 79 ms, Max Speed: 67.74 M/s, Avg Speed: 36.86 M/s, Max Resolution: 3840x2160
Category: 📡卫视频道, Name: 深圳卫视, Total: 18, Valid: 16, Valid Percent: 88.89%, Whitelist: 0, IPv4: 18, IPv6: 0, Min Delay: 79 ms, Max Speed: 67.74 M/s, Avg Speed: 31.16 M/s, Max Resolution: 1920x1080
Category: 📡卫视频道, Name: 三沙卫视, Total: 11, Valid: 11, Valid Percent: 100.00%, Whitelist: 0, IPv4: 11, IPv6: 0, Min Delay: 79 ms, Max Speed: 67.74 M/s, Avg Speed: 38.57 M/s, Max Resolution: 1920x1080
Category: 📡卫视频道, Name: 天津卫视, Total: 14, Valid: 14, Valid Percent: 100.00%, Whitelist: 0, IPv4: 14, IPv6: 0, Min Delay: 79 ms, Max Speed: 67.74 M/s, Avg Speed: 30.85 M/s, Max Resolution: 1920x1080
Category: 📡卫视频道, Name: 西藏卫视, Total: 13, Valid: 13, Valid Percent: 100.00%, Whitelist: 0, IPv4: 11, IPv6: 2, Min Delay: 79 ms, Max Speed: 67.74 M/s, Avg Speed: 27.46 M/s, Max Resolution: 1920x1080
Category: 📡卫视频道, Name: 新疆卫视, Total: 16, Valid: 16, Valid Percent: 100.00%, Whitelist: 0, IPv4: 15, IPv6: 1, Min Delay: 79 ms, Max Speed: 67.74 M/s, Avg Speed: 22.58 M/s, Max Resolution: 1920x1080
Category: 📡卫视频道, Name: 云南卫视, Total: 17, Valid: 17, Valid Percent: 100.00%, Whitelist: 0, IPv4: 16, IPv6: 1, Min Delay: 79 ms, Max Speed: 67.74 M/s, Avg Speed: 37.14 M/s, Max Resolution: 1920x1080
